
/home/runner/work/exp-parameterized-polymorphism-au/exp-parameterized-polymorphism-au/experiment/simulation/js/173.85227b3f.js
  1:2804  warning  'h' is defined but never used  no-unused-vars

/home/runner/work/exp-parameterized-polymorphism-au/exp-parameterized-polymorphism-au/experiment/simulation/js/312.dfb22edb.js
  1:545  warning  'e' is defined but never used  no-unused-vars
  1:547  warning  't' is defined but never used  no-unused-vars
  1:549  warning  's' is defined but never used  no-unused-vars
  1:551  warning  'n' is defined but never used  no-unused-vars
  1:553  warning  'r' is defined but never used  no-unused-vars
  1:555  warning  'u' is defined but never used  no-unused-vars

/home/runner/work/exp-parameterized-polymorphism-au/exp-parameterized-polymorphism-au/experiment/simulation/js/494.cb1fc1ef.js
  1:451    warning  't' is defined but never used  no-unused-vars
  1:655    warning  't' is defined but never used  no-unused-vars
  1:858    warning  't' is defined but never used  no-unused-vars
  1:1081   warning  't' is defined but never used  no-unused-vars
  1:1307   warning  't' is defined but never used  no-unused-vars
  1:1525   warning  't' is defined but never used  no-unused-vars
  1:1714   warning  't' is defined but never used  no-unused-vars
  1:1915   warning  't' is defined but never used  no-unused-vars
  1:2120   warning  't' is defined but never used  no-unused-vars
  1:2388   warning  't' is defined but never used  no-unused-vars
  1:2804   warning  'n' is defined but never used  no-unused-vars
  1:8214   warning  't' is defined but never used  no-unused-vars
  1:8676   warning  't' is defined but never used  no-unused-vars
  1:9343   warning  't' is defined but never used  no-unused-vars
  1:17105  warning  't' is defined but never used  no-unused-vars
  1:17283  warning  't' is defined but never used  no-unused-vars
  1:17754  warning  't' is defined but never used  no-unused-vars
  1:18433  warning  't' is defined but never used  no-unused-vars
  1:24571  warning  't' is defined but never used  no-unused-vars
  1:25217  warning  't' is defined but never used  no-unused-vars
  1:57405  warning  't' is defined but never used  no-unused-vars
  1:57599  warning  't' is defined but never used  no-unused-vars
  1:57798  warning  't' is defined but never used  no-unused-vars
  1:58501  warning  't' is defined but never used  no-unused-vars
  1:58974  warning  't' is defined but never used  no-unused-vars
  1:59467  warning  't' is defined but never used  no-unused-vars
  1:63675  warning  't' is defined but never used  no-unused-vars
  1:63768  warning  't' is defined but never used  no-unused-vars
  1:63862  warning  't' is defined but never used  no-unused-vars
  1:63951  warning  't' is defined but never used  no-unused-vars

/home/runner/work/exp-parameterized-polymorphism-au/exp-parameterized-polymorphism-au/experiment/simulation/js/989.41ad5262.js
  1:406    warning  't' is defined but never used  no-unused-vars
  1:610    warning  't' is defined but never used  no-unused-vars
  1:796    warning  't' is defined but never used  no-unused-vars
  1:978    warning  't' is defined but never used  no-unused-vars
  1:1170   warning  't' is defined but never used  no-unused-vars
  1:1359   warning  't' is defined but never used  no-unused-vars
  1:1560   warning  't' is defined but never used  no-unused-vars
  1:1765   warning  't' is defined but never used  no-unused-vars
  1:1964   warning  't' is defined but never used  no-unused-vars
  1:2451   warning  'n' is defined but never used  no-unused-vars
  1:33771  warning  't' is defined but never used  no-unused-vars
  1:33963  warning  't' is defined but never used  no-unused-vars
  1:34862  warning  't' is defined but never used  no-unused-vars
  1:35581  warning  't' is defined but never used  no-unused-vars
  1:36458  warning  't' is defined but never used  no-unused-vars
  1:37214  warning  't' is defined but never used  no-unused-vars
  1:38332  warning  't' is defined but never used  no-unused-vars
  1:41992  warning  't' is defined but never used  no-unused-vars

/home/runner/work/exp-parameterized-polymorphism-au/exp-parameterized-polymorphism-au/experiment/simulation/js/app.176b8059.js
  1:111     warning  't' is defined but never used           no-unused-vars
  1:113     warning  'e' is defined but never used           no-unused-vars
  1:529     warning  't' is defined but never used           no-unused-vars
  1:733     warning  't' is defined but never used           no-unused-vars
  1:919     warning  't' is defined but never used           no-unused-vars
  1:1101    warning  't' is defined but never used           no-unused-vars
  1:1293    warning  't' is defined but never used           no-unused-vars
  1:1482    warning  't' is defined but never used           no-unused-vars
  1:1683    warning  't' is defined but never used           no-unused-vars
  1:1888    warning  't' is defined but never used           no-unused-vars
  1:2087    warning  't' is defined but never used           no-unused-vars
  1:2602    warning  'e' is defined but never used           no-unused-vars
  1:40255   warning  't' is defined but never used           no-unused-vars
  1:40436   warning  't' is defined but never used           no-unused-vars
  1:40618   warning  't' is defined but never used           no-unused-vars
  1:40800   warning  't' is defined but never used           no-unused-vars
  1:40981   warning  't' is defined but never used           no-unused-vars
  1:41158   warning  't' is defined but never used           no-unused-vars
  1:41342   warning  't' is defined but never used           no-unused-vars
  1:41526   warning  't' is defined but never used           no-unused-vars
  1:41717   warning  't' is defined but never used           no-unused-vars
  1:42388   warning  't' is defined but never used           no-unused-vars
  1:43035   warning  't' is defined but never used           no-unused-vars
  1:43677   warning  't' is defined but never used           no-unused-vars
  1:44306   warning  't' is defined but never used           no-unused-vars
  1:44540   warning  't' is defined but never used           no-unused-vars
  1:44798   warning  't' is defined but never used           no-unused-vars
  1:45048   warning  't' is defined but never used           no-unused-vars
  1:45699   warning  't' is defined but never used           no-unused-vars
  1:45931   warning  't' is defined but never used           no-unused-vars
  1:46564   warning  't' is defined but never used           no-unused-vars
  1:46819   warning  't' is defined but never used           no-unused-vars
  1:47661   warning  't' is defined but never used           no-unused-vars
  1:47876   warning  't' is defined but never used           no-unused-vars
  1:48669   warning  't' is defined but never used           no-unused-vars
  1:49241   warning  't' is defined but never used           no-unused-vars
  1:50945   warning  't' is defined but never used           no-unused-vars
  1:54199   warning  't' is defined but never used           no-unused-vars
  1:57181   warning  'e' is defined but never used           no-unused-vars
  1:57183   warning  'n' is defined but never used           no-unused-vars
  1:57185   warning  'a' is defined but never used           no-unused-vars
  1:57187   warning  'r' is defined but never used           no-unused-vars
  1:57189   warning  'i' is defined but never used           no-unused-vars
  1:62700   warning  't' is defined but never used           no-unused-vars
  1:68070   warning  't' is defined but never used           no-unused-vars
  1:68072   warning  'e' is defined but never used           no-unused-vars
  1:69382   warning  't' is defined but never used           no-unused-vars
  1:69384   warning  'e' is defined but never used           no-unused-vars
  1:69912   warning  't' is defined but never used           no-unused-vars
  1:69914   warning  'e' is defined but never used           no-unused-vars
  1:70971   warning  'e' is defined but never used           no-unused-vars
  1:72417   warning  't' is defined but never used           no-unused-vars
  1:72419   warning  'e' is defined but never used           no-unused-vars
  1:73464   warning  't' is defined but never used           no-unused-vars
  1:73466   warning  'e' is defined but never used           no-unused-vars
  1:75297   warning  't' is defined but never used           no-unused-vars
  1:75299   warning  'e' is defined but never used           no-unused-vars
  1:76195   warning  't' is defined but never used           no-unused-vars
  1:76197   warning  'e' is defined but never used           no-unused-vars
  1:78989   warning  't' is defined but never used           no-unused-vars
  1:82261   warning  't' is defined but never used           no-unused-vars
  1:85359   warning  't' is defined but never used           no-unused-vars
  1:88906   warning  't' is defined but never used           no-unused-vars
  1:90528   warning  't' is defined but never used           no-unused-vars
  1:90530   warning  'e' is defined but never used           no-unused-vars
  1:90532   warning  'n' is defined but never used           no-unused-vars
  1:90534   warning  'a' is defined but never used           no-unused-vars
  1:90536   warning  'r' is defined but never used           no-unused-vars
  1:90538   warning  'i' is defined but never used           no-unused-vars
  1:92422   warning  't' is defined but never used           no-unused-vars
  1:92424   warning  'e' is defined but never used           no-unused-vars
  1:92426   warning  'n' is defined but never used           no-unused-vars
  1:92428   warning  'a' is defined but never used           no-unused-vars
  1:92430   warning  'r' is defined but never used           no-unused-vars
  1:92432   warning  'i' is defined but never used           no-unused-vars
  1:95062   warning  't' is defined but never used           no-unused-vars
  1:98296   warning  't' is defined but never used           no-unused-vars
  1:101975  warning  't' is defined but never used           no-unused-vars
  1:104551  warning  't' is defined but never used           no-unused-vars
  1:104553  warning  'e' is defined but never used           no-unused-vars
  1:104555  warning  'n' is defined but never used           no-unused-vars
  1:104557  warning  'a' is defined but never used           no-unused-vars
  1:104559  warning  'r' is defined but never used           no-unused-vars
  1:104561  warning  'i' is defined but never used           no-unused-vars
  1:107156  warning  't' is defined but never used           no-unused-vars
  1:110372  warning  't' is defined but never used           no-unused-vars
  1:110374  warning  'e' is defined but never used           no-unused-vars
  1:110376  warning  'n' is defined but never used           no-unused-vars
  1:110378  warning  'a' is defined but never used           no-unused-vars
  1:110380  warning  'r' is defined but never used           no-unused-vars
  1:110382  warning  'i' is defined but never used           no-unused-vars
  1:113990  warning  't' is defined but never used           no-unused-vars
  1:117387  warning  't' is defined but never used           no-unused-vars
  1:120844  warning  't' is defined but never used           no-unused-vars
  1:123045  warning  't' is defined but never used           no-unused-vars
  1:123047  warning  'e' is defined but never used           no-unused-vars
  1:123049  warning  'n' is defined but never used           no-unused-vars
  1:123051  warning  'a' is defined but never used           no-unused-vars
  1:123053  warning  'r' is defined but never used           no-unused-vars
  1:123055  warning  'i' is defined but never used           no-unused-vars
  1:125711  warning  't' is defined but never used           no-unused-vars
  1:128572  warning  't' is defined but never used           no-unused-vars
  1:131289  warning  't' is defined but never used           no-unused-vars
  1:133863  warning  't' is defined but never used           no-unused-vars
  1:136862  warning  't' is defined but never used           no-unused-vars
  1:139912  warning  't' is defined but never used           no-unused-vars
  1:143178  warning  't' is defined but never used           no-unused-vars
  1:145450  warning  't' is defined but never used           no-unused-vars
  1:145452  warning  'e' is defined but never used           no-unused-vars
  1:145454  warning  'n' is defined but never used           no-unused-vars
  1:145456  warning  'a' is defined but never used           no-unused-vars
  1:145458  warning  'r' is defined but never used           no-unused-vars
  1:145460  warning  'i' is defined but never used           no-unused-vars
  1:146896  warning  't' is defined but never used           no-unused-vars
  1:146898  warning  'e' is defined but never used           no-unused-vars
  1:146900  warning  'n' is defined but never used           no-unused-vars
  1:146902  warning  'a' is defined but never used           no-unused-vars
  1:146904  warning  'r' is defined but never used           no-unused-vars
  1:146906  warning  'i' is defined but never used           no-unused-vars
  1:150111  warning  't' is defined but never used           no-unused-vars
  1:153130  warning  't' is defined but never used           no-unused-vars
  1:156350  warning  't' is defined but never used           no-unused-vars
  1:158644  warning  'i' is defined but never used           no-unused-vars
  1:161666  warning  'a' is assigned a value but never used  no-unused-vars

/home/runner/work/exp-parameterized-polymorphism-au/exp-parameterized-polymorphism-au/experiment/simulation/js/chunk-vendors.30fa0fd9.js
  1:1815   warning  Empty block statement                                                            no-empty
  1:3885   warning  Do not access Object.prototype method 'hasOwnProperty' from target object        no-prototype-builtins
  1:5409   warning  Do not access Object.prototype method 'propertyIsEnumerable' from target object  no-prototype-builtins
  1:6039   warning  'b.get' is assigned to itself                                                    no-self-assign
  1:6051   warning  'b.has' is assigned to itself                                                    no-self-assign
  1:6063   warning  'b.set' is assigned to itself                                                    no-self-assign
  1:8225   warning  Empty block statement                                                            no-empty
  1:9008   warning  Empty block statement                                                            no-empty
  1:9313   warning  Empty block statement                                                            no-empty
  1:13498  warning  'e' is defined but never used                                                    no-unused-vars
  1:13917  warning  'e' is defined but never used                                                    no-unused-vars
  1:16513  warning  't' is defined but never used                                                    no-unused-vars
  1:16613  warning  'i' is defined but never used                                                    no-unused-vars
  1:16615  warning  's' is defined but never used                                                    no-unused-vars
  1:17302  warning  't' is defined but never used                                                    no-unused-vars
  1:19049  warning  'e' is defined but never used                                                    no-unused-vars
  1:19051  warning  't' is defined but never used                                                    no-unused-vars
  1:19079  warning  'e' is defined but never used                                                    no-unused-vars
  1:19081  warning  't' is defined but never used                                                    no-unused-vars
  1:20720  warning  't' is defined but never used                                                    no-unused-vars
  1:22812  warning  't' is defined but never used                                                    no-unused-vars
  1:25459  warning  'r' is assigned a value but never used                                           no-unused-vars
  1:26142  warning  'e' is defined but never used                                                    no-unused-vars
  1:27820  warning  'n' is defined but never used                                                    no-unused-vars
  1:30012  warning  'u' is assigned a value but never used                                           no-unused-vars
  1:30024  warning  'a' is assigned a value but never used                                           no-unused-vars
  1:32334  warning  'e' is assigned a value but never used                                           no-unused-vars
  1:38304  warning  'n' is assigned a value but never used                                           no-unused-vars
  1:40465  warning  'b' is assigned a value but never used                                           no-unused-vars
  1:40493  warning  'x' is assigned a value but never used                                           no-unused-vars
  1:40641  warning  'F' is assigned a value but never used                                           no-unused-vars
  1:41098  warning  Setter cannot return a value                                                     no-setter-return
  1:41538  warning  Setter cannot return a value                                                     no-setter-return
  1:41698  warning  'n' is assigned a value but never used                                           no-unused-vars
  1:41938  warning  Setter cannot return a value                                                     no-setter-return
  1:46333  warning  'n' is defined but never used                                                    no-unused-vars
  1:63829  warning  'n' is defined but never used                                                    no-unused-vars
  1:65955  warning  Unexpected constant condition                                                    no-constant-condition
  1:67180  warning  'i' is defined but never used                                                    no-unused-vars
  1:68215  warning  Expected a conditional expression and instead saw an assignment                  no-cond-assign
  1:76802  warning  Do not access Object.prototype method 'hasOwnProperty' from target object        no-prototype-builtins
  1:76824  warning  Do not access Object.prototype method 'hasOwnProperty' from target object        no-prototype-builtins
  7:1707   warning  Unnecessary escape character: \/                                                 no-useless-escape
  7:2935   warning  't' is defined but never used                                                    no-unused-vars
  7:10572  warning  Empty block statement                                                            no-empty
  7:14902  warning  'i' is defined but never used                                                    no-unused-vars
  7:20477  warning  'e' is defined but never used                                                    no-unused-vars

✖ 226 problems (0 errors, 226 warnings)

